[(0,0):12]
[(3,0):12, (0,3):12, (2,2):13]
[(0,3):12, (2,2):13, (3,3):12, (1,2):13]
[(3,3):12, (3,3):12, (1,2):13, (2,2):13, (2,1):13]
[(3,3):12, (0,3):12, (1,2):13, (2,2):13, (2,1):13, (1,1):13]
[(0,3):12, (1,1):13, (3,0):12, (2,2):13, (2,1):13, (1,2):13, (1,1):13]
[(3,0):12, (1,1):13, (1,1):13, (2,2):13, (2,1):13, (1,2):13, (2,1):13]
[(2,1):13, (1,1):13, (1,1):13, (2,2):13, (2,1):13, (1,2):13, (1,2):13]
8
(0,0)(3,0)(3,3)(0,3)(2,1)
5
13