[(0,0):12]
[(3,0):9, (0,3):9, (2,2):9]
[(3,3):6, (1,2):6, (2,2):9, (0,3):9]
[(0,3):3, (1,1):3, (2,2):9, (0,3):9, (1,2):6]
[(2,1):0, (1,1):3, (2,2):9, (0,3):9, (1,2):6]
5
(0,0)(3,0)(3,3)(0,3)(2,1)
5
13