Test 1: manhattan distance with positive values - correct
Test 2: manhattan distance with negative values - correct
Test 3: manhattan distance with large values - correct
Test 4: manhattan distance with same coordinates - correct
Test 5: manhattan distance across zero boundary - correct