Test minimal coverage remaining from initial position - correct
Test some nodes visited - correct
Test nearly full coverage - correct
Test full coverage achieved - correct